V3 3
FL C:/Users/Dell/Documents/ProyectosVHDL/2019/VendingMachine/VMachine/MaquinaExpendedora.vhd 2019/03/02.18:09:45 P.20131013
EN work/MaquinaExpendedora 1551568216 \
      FL C:/Users/Dell/Documents/ProyectosVHDL/2019/VendingMachine/VMachine/MaquinaExpendedora.vhd \
      PB ieee/std_logic_1164 1381692176
AR work/MaquinaExpendedora/Behavioral 1551568217 \
      FL C:/Users/Dell/Documents/ProyectosVHDL/2019/VendingMachine/VMachine/MaquinaExpendedora.vhd \
      EN work/MaquinaExpendedora 1551568216
